// Jest Snapshot v1, https://goo.gl/fbAQLP

exports[`Field component Component Renders Renders correctly and match snapshot 1`] = `undefined`;
